// Jest Snapshot v1, https://goo.gl/fbAQLP

exports[`should return wrapper with correct width 1`] = `
.c0 {
  display: -webkit-box;
  display: -webkit-flex;
  display: -ms-flexbox;
  display: flex;
  -webkit-flex-flow: column;
  -ms-flex-flow: column;
  flex-flow: column;
  height: 100%;
  width: 10%;
}

<div
  className="c0"
  width={10}
/>
`;
