// Jest Snapshot v1, https://goo.gl/fbAQLP

exports[`should return PositionLabels snapshot 1`] = `
<styled.div>
  <styled.div
    width={10}
  >
    open
  </styled.div>
  <styled.div
    width={1}
  >
     
  </styled.div>
  <styled.div
    width={89}
  >
    <styled.div
      key="label-0"
      width={11.225137463661309}
    >
      I
    </styled.div>
    <styled.div
      key="label-1"
      width={10.595118908270846}
    />
    <styled.div
      key="label-2"
      width={10.00046057732496}
    >
      III
    </styled.div>
    <styled.div
      key="label-3"
      width={9.439177853922969}
    />
    <styled.div
      key="label-4"
      width={8.909397509151805}
    >
      V
    </styled.div>
    <styled.div
      key="label-5"
      width={8.40935145035865}
    />
    <styled.div
      key="label-6"
      width={7.937370820306075}
    >
      VII
    </styled.div>
    <styled.div
      key="label-7"
      width={7.491880427516126}
    />
    <styled.div
      key="label-8"
      width={7.071393489215215}
    />
    <styled.div
      key="label-9"
      width={6.674506669334813}
    >
      X
    </styled.div>
    <styled.div
      key="label-10"
      width={6.299895395007778}
    />
    <styled.div
      key="label-11"
      width={5.946309435929531}
    >
      XII
    </styled.div>
  </styled.div>
</styled.div>
`;
