// Jest Snapshot v1, https://goo.gl/fbAQLP

exports[`should check fretboard-theme against snapshot 1`] = `
Object {
  "background": "white",
  "dimensions": Object {
    "nutWidth": 0.75,
    "openWidth": 10,
    "stringHeight": 30,
  },
  "fontSize": 12,
  "octaveMap": Object {
    "2": "rgb(95, 190, 244)",
    "3": "rgb(135, 219, 244)",
    "4": "rgb(205, 240, 247)",
    "5": "rgb(242, 246, 247)",
  },
  "skins": Object {
    "strings": Object {
      "highlightBorder": "1px solid gray",
      "highlightSize": 85,
    },
  },
  "statusMap": Object {
    "1P": "#1a0500",
    "2M": "#801a00",
    "2m": "#4d0f00",
    "3M": "#e62e00",
    "3m": "#cc2900",
    "4A": "#ff5c33",
    "4P": "#ff3300",
    "5P": "#ff704d",
    "6M": "#ffb199",
    "6m": "#ff9980",
    "7M": "#ffebe6",
    "7m": "#ffd8cc",
    "selected": "rgb(255, 252, 127)",
    "unselected": "white",
  },
}
`;
