// Jest Snapshot v1, https://goo.gl/fbAQLP

exports[`should return wrapper with correct width 1`] = `
.c0 {
  display: -webkit-box;
  display: -webkit-flex;
  display: -ms-flexbox;
  display: flex;
  -webkit-box-pack: center;
  -webkit-justify-content: center;
  -ms-flex-pack: center;
  justify-content: center;
  -webkit-align-items: center;
  -webkit-box-align: center;
  -ms-flex-align: center;
  align-items: center;
  height: 80%;
  width: 90%;
  margin: 10% 5%;
  border: 1px solid darkgray;
  border-radius: 3px;
  background-color: orange;
}

<div
  className="c0"
/>
`;
